// Jest Snapshot v1, https://goo.gl/fbAQLP

exports[`renders when the home component matches snapshot 1`] = `
<div
  className="stock-container"
/>
`;
